$ python3 /mnt/data/modu-dongle-eol-tab-fix/apply_fix.py --repo /mnt/data/_fixwork/git-ci-before --yes
Target: /mnt/data/_fixwork/git-ci-before
Files to update:
  scripts/validate.py
  scripts/move_tab_column.py
  tests/test_dongle.py
  tests/test_line_endings.py
  reference/hardware-normalized-sha256.json
  reference/validation-fixture.keymap
  .gitattributes
  config/modu.keymap
  Base[12]: &mt LG(A) LG(Z) -> &kp TAB
  Base[24]: &mt LG(X) LG(C) -> &mt LG(A) LG(Z)
  Base[36]: &kp LG(V) -> &mt LG(X) LG(C)
  Base[48]: &kp TAB -> &kp LG(V)
PASS: scripts/validate.py
PASS: -m unittest discover -s tests -p test_*.py

Patch checks passed. Firmware has NOT been built or flashed.
Backup: /mnt/data/_fixwork/git-ci-before-backup-eol-tab-20260913-105903-067441

In the target repository, review and run:
git diff --stat
git add scripts/validate.py scripts/move_tab_column.py tests/test_dongle.py tests/test_line_endings.py reference/hardware-normalized-sha256.json reference/validation-fixture.keymap .gitattributes config/modu.keymap
git commit -m "Fix vendor line-ending validation and move Tab above shortcuts"
git push
Then inspect the NEW commit in GitHub Actions.

