$ git add .

warning: in the working copy of '.github/workflows/build.yml', LF will be replaced by CRLF the next time Git touches it
warning: in the working copy of '.gitignore', LF will be replaced by CRLF the next time Git touches it
warning: in the working copy of 'LICENSE', LF will be replaced by CRLF the next time Git touches it
warning: in the working copy of 'LICENSES/MICROSOFT-UF2-MIT.txt', LF will be replaced by CRLF the next time Git touches it
warning: in the working copy of 'LICENSES/MIT.txt', LF will be replaced by CRLF the next time Git touches it
warning: in the working copy of 'LICENSES/OBREY-COMBO-MIT.txt', LF will be replaced by CRLF the next time Git touches it
warning: in the working copy of 'LICENSES/ZMK-MIT.txt', LF will be replaced by CRLF the next time Git touches it
warning: in the working copy of 'MANIFEST.sha256', LF will be replaced by CRLF the next time Git touches it
warning: in the working copy of 'NOTICE.md', LF will be replaced by CRLF the next time Git touches it
warning: in the working copy of 'README.md', LF will be replaced by CRLF the next time Git touches it
warning: in the working copy of 'SOURCES.json', LF will be replaced by CRLF the next time Git touches it
warning: in the working copy of 'THIRD_PARTY_NOTICES.md', LF will be replaced by CRLF the next time Git touches it
warning: in the working copy of 'VALIDATION.json', LF will be replaced by CRLF the next time Git touches it
warning: in the working copy of 'build.yaml', LF will be replaced by CRLF the next time Git touches it
warning: in the working copy of 'config/info.json', LF will be replaced by CRLF the next time Git touches it
warning: in the working copy of 'config/modu.json', LF will be replaced by CRLF the next time Git touches it
warning: in the working copy of 'config/modu.keymap', LF will be replaced by CRLF the next time Git touches it
warning: in the working copy of 'config/west.yml', LF will be replaced by CRLF the next time Git touches it
warning: in the working copy of 'docs/FLASH_KO.md', LF will be replaced by CRLF the next time Git touches it
warning: in the working copy of 'docs/IMPLEMENTATION.md', LF will be replaced by CRLF the next time Git touches it
warning: in the working copy of 'docs/KEYMAP.md', LF will be replaced by CRLF the next time Git touches it
warning: in the working copy of 'docs/SOURCE_AUDIT.md', LF will be replaced by CRLF the next time Git touches it
warning: in the working copy of 'docs/layout-preview.svg', LF will be replaced by CRLF the next time Git touches it
warning: in the working copy of 'local-modules/modu-dongle/CMakeLists.txt', LF will be replaced by CRLF the next time Git touches it
warning: in the working copy of 'local-modules/modu-dongle/Kconfig', LF will be replaced by CRLF the next time Git touches it
warning: in the working copy of 'local-modules/modu-dongle/boards/shields/modu_dongle/Kconfig.defconfig', LF will be replaced by CRLF the next time Git touches it
warning: in the working copy of 'local-modules/modu-dongle/boards/shields/modu_dongle/Kconfig.shield', LF will be replaced by CRLF the next time Git touches it
warning: in the working copy of 'local-modules/modu-dongle/boards/shields/modu_dongle/modu-inputs.dtsi', LF will be replaced by CRLF the next time Git touches it
warning: in the working copy of 'local-modules/modu-dongle/boards/shields/modu_dongle/modu-layout.dtsi', LF will be replaced by CRLF the next time Git touches it
warning: in the working copy of 'local-modules/modu-dongle/boards/shields/modu_dongle/modu_dongle.conf', LF will be replaced by CRLF the next time Git touches it
warning: in the working copy of 'local-modules/modu-dongle/boards/shields/modu_dongle/modu_dongle.overlay', LF will be replaced by CRLF the next time Git touches it
warning: in the working copy of 'local-modules/modu-dongle/boards/shields/modu_dongle/modu_dongle.zmk.yml', LF will be replaced by CRLF the next time Git touches it
warning: in the working copy of 'local-modules/modu-dongle/boards/shields/modu_dongle/modu_peripheral_left.conf', LF will be replaced by CRLF the next time Git touches it
warning: in the working copy of 'local-modules/modu-dongle/boards/shields/modu_dongle/modu_peripheral_left.overlay', LF will be replaced by CRLF the next time Git touches it
warning: in the working copy of 'local-modules/modu-dongle/boards/shields/modu_dongle/modu_peripheral_right.conf', LF will be replaced by CRLF the next time Git touches it
warning: in the working copy of 'local-modules/modu-dongle/boards/shields/modu_dongle/modu_peripheral_right.overlay', LF will be replaced by CRLF the next time Git touches it
warning: in the working copy of 'local-modules/modu-dongle/boards/shields/modu_dongle/oled-wiring.dtsi', LF will be replaced by CRLF the next time Git touches it
warning: in the working copy of 'local-modules/modu-dongle/zephyr/module.yml', LF will be replaced by CRLF the next time Git touches it
warning: in the working copy of 'local-modules/obrey-combo-boot/CMakeLists.txt', LF will be replaced by CRLF the next time Git touches it
warning: in the working copy of 'local-modules/obrey-combo-boot/Kconfig', LF will be replaced by CRLF the next time Git touches it
warning: in the working copy of 'local-modules/obrey-combo-boot/LICENSE', LF will be replaced by CRLF the next time Git touches it
warning: in the working copy of 'local-modules/obrey-combo-boot/dts/bindings/behaviors/zmk,behavior-obrey-combo-boot.yaml', LF will be replaced by CRLF the next time Git touches it
warning: in the working copy of 'local-modules/obrey-combo-boot/src/behavior_combo_boot.c', LF will be replaced by CRLF the next time Git touches it
warning: in the working copy of 'local-modules/obrey-combo-boot/src/obrey_guard.h', LF will be replaced by CRLF the next time Git touches it
warning: in the working copy of 'local-modules/obrey-combo-boot/zephyr/module.yml', LF will be replaced by CRLF the next time Git touches it
warning: in the working copy of 'reference/hardware-sha256.json', LF will be replaced by CRLF the next time Git touches it
warning: in the working copy of 'reference/previous-five-layer.keymap', LF will be replaced by CRLF the next time Git touches it
warning: in the working copy of 'reports/host-c-tests.log', LF will be replaced by CRLF the next time Git touches it
warning: in the working copy of 'reports/host-tests.json', LF will be replaced by CRLF the next time Git touches it
warning: in the working copy of 'reports/python-tests.log', LF will be replaced by CRLF the next time Git touches it
warning: in the working copy of 'reports/static-check.log', LF will be replaced by CRLF the next time Git touches it
warning: in the working copy of 'reports/static-validation.json', LF will be replaced by CRLF the next time Git touches it
warning: in the working copy of 'scripts/normalize_hex.py', LF will be replaced by CRLF the next time Git touches it
warning: in the working copy of 'scripts/package_firmware.py', LF will be replaced by CRLF the next time Git touches it
warning: in the working copy of 'scripts/validate.py', LF will be replaced by CRLF the next time Git touches it
warning: in the working copy of 'scripts/verify_uf2.py', LF will be replaced by CRLF the next time Git touches it
warning: in the working copy of 'tests/run_host_tests.py', LF will be replaced by CRLF the next time Git touches it
warning: in the working copy of 'tests/stubs/drivers/behavior.h', LF will be replaced by CRLF the next time Git touches it
warning: in the working copy of 'tests/stubs/zephyr/device.h', LF will be replaced by CRLF the next time Git touches it
warning: in the working copy of 'tests/stubs/zephyr/kernel.h', LF will be replaced by CRLF the next time Git touches it
warning: in the working copy of 'tests/stubs/zephyr/logging/log.h', LF will be replaced by CRLF the next time Git touches it
warning: in the working copy of 'tests/stubs/zmk/behavior.h', LF will be replaced by CRLF the next time Git touches it
warning: in the working copy of 'tests/stubs/zmk/event_manager.h', LF will be replaced by CRLF the next time Git touches it
warning: in the working copy of 'tests/stubs/zmk/events/position_state_changed.h', LF will be replaced by CRLF the next time Git touches it
warning: in the working copy of 'tests/stubs/zmk/keymap.h', LF will be replaced by CRLF the next time Git touches it
warning: in the working copy of 'tests/test_adapter.c', LF will be replaced by CRLF the next time Git touches it
warning: in the working copy of 'tests/test_dongle.py', LF will be replaced by CRLF the next time Git touches it
warning: in the working copy of 'vendor/modu-c-firmware/.gitignore', LF will be replaced by CRLF the next time Git touches it
warning: in the working copy of 'vendor/modu-c-firmware/LICENSE', LF will be replaced by CRLF the next time Git touches it
warning: in the working copy of 'vendor/modu-c-firmware/LICENSES/MIT.txt', LF will be replaced by CRLF the next time Git touches it
warning: in the working copy of 'vendor/modu-c-firmware/README.md', LF will be replaced by CRLF the next time Git touches it
warning: in the working copy of 'vendor/modu-c-firmware/THIRD_PARTY_NOTICES.md', LF will be replaced by CRLF the next time Git touches it
warning: in the working copy of 'vendor/modu-c-firmware/build.bat', LF will be replaced by CRLF the next time Git touches it
warning: in the working copy of 'vendor/modu-c-firmware/build.ps1', LF will be replaced by CRLF the next time Git touches it
warning: in the working copy of 'vendor/modu-c-firmware/modu-module/CMakeLists.txt', LF will be replaced by CRLF the next time Git touches it
warning: in the working copy of 'vendor/modu-c-firmware/modu-module/Kconfig', LF will be replaced by CRLF the next time Git touches it
warning: in the working copy of 'vendor/modu-c-firmware/modu-module/boards/minewsemi/ms88sf3/Kconfig.defconfig', LF will be replaced by CRLF the next time Git touches it
warning: in the working copy of 'vendor/modu-c-firmware/modu-module/boards/minewsemi/ms88sf3/Kconfig.ms88sf3', LF will be replaced by CRLF the next time Git touches it
warning: in the working copy of 'vendor/modu-c-firmware/modu-module/boards/minewsemi/ms88sf3/board.cmake', LF will be replaced by CRLF the next time Git touches it
warning: in the working copy of 'vendor/modu-c-firmware/modu-module/boards/minewsemi/ms88sf3/board.yml', LF will be replaced by CRLF the next time Git touches it
warning: in the working copy of 'vendor/modu-c-firmware/modu-module/boards/minewsemi/ms88sf3/ms88sf3_nrf52840-pinctrl.dtsi', LF will be replaced by CRLF the next time Git touches it
warning: in the working copy of 'vendor/modu-c-firmware/modu-module/boards/minewsemi/ms88sf3/ms88sf3_nrf52840.dts', LF will be replaced by CRLF the next time Git touches it
warning: in the working copy of 'vendor/modu-c-firmware/modu-module/boards/minewsemi/ms88sf3/ms88sf3_nrf52840_defconfig', LF will be replaced by CRLF the next time Git touches it
warning: in the working copy of 'vendor/modu-c-firmware/modu-module/boards/minewsemi/ms88sf3/pre_dt_board.cmake', LF will be replaced by CRLF the next time Git touches it
warning: in the working copy of 'vendor/modu-c-firmware/modu-module/boards/shields/modu/Kconfig.defconfig', LF will be replaced by CRLF the next time Git touches it
warning: in the working copy of 'vendor/modu-c-firmware/modu-module/boards/shields/modu/Kconfig.shield', LF will be replaced by CRLF the next time Git touches it
warning: in the working copy of 'vendor/modu-c-firmware/modu-module/boards/shields/modu/modu.dtsi', LF will be replaced by CRLF the next time Git touches it
warning: in the working copy of 'vendor/modu-c-firmware/modu-module/boards/shields/modu/modu.keymap', LF will be replaced by CRLF the next time Git touches it
warning: in the working copy of 'vendor/modu-c-firmware/modu-module/boards/shields/modu/modu.zmk.yml', LF will be replaced by CRLF the next time Git touches it
warning: in the working copy of 'vendor/modu-c-firmware/modu-module/boards/shields/modu/modu_left.conf', LF will be replaced by CRLF the next time Git touches it
warning: in the working copy of 'vendor/modu-c-firmware/modu-module/boards/shields/modu/modu_left.overlay', LF will be replaced by CRLF the next time Git touches it
warning: in the working copy of 'vendor/modu-c-firmware/modu-module/boards/shields/modu/modu_right.conf', LF will be replaced by CRLF the next time Git touches it
warning: in the working copy of 'vendor/modu-c-firmware/modu-module/boards/shields/modu/modu_right.overlay', LF will be replaced by CRLF the next time Git touches it
warning: in the working copy of 'vendor/modu-c-firmware/modu-module/dts/bindings/kscan/modu,kscan-alt-thumb-remap.yaml', LF will be replaced by CRLF the next time Git touches it
warning: in the working copy of 'vendor/modu-c-firmware/modu-module/dts/bindings/vendor-prefixes.txt', LF will be replaced by CRLF the next time Git touches it
warning: in the working copy of 'vendor/modu-c-firmware/modu-module/src/alt_thumb_kscan/CMakeLists.txt', LF will be replaced by CRLF the next time Git touches it
warning: in the working copy of 'vendor/modu-c-firmware/modu-module/src/alt_thumb_kscan/Kconfig', LF will be replaced by CRLF the next time Git touches it
warning: in the working copy of 'vendor/modu-c-firmware/modu-module/src/alt_thumb_kscan/alt_thumb_kscan.c', LF will be replaced by CRLF the next time Git touches it
warning: in the working copy of 'vendor/modu-c-firmware/modu-module/src/led_breath/CMakeLists.txt', LF will be replaced by CRLF the next time Git touches it
warning: in the working copy of 'vendor/modu-c-firmware/modu-module/src/led_breath/Kconfig', LF will be replaced by CRLF the next time Git touches it
warning: in the working copy of 'vendor/modu-c-firmware/modu-module/src/led_breath/led_breath.c', LF will be replaced by CRLF the next time Git touches it
warning: in the working copy of 'vendor/modu-c-firmware/modu-module/zephyr/module.yml', LF will be replaced by CRLF the next time Git touches it
warning: in the working copy of 'vendor/modu-c-firmware/tools/uf2/LICENSE', LF will be replaced by CRLF the next time Git touches it
warning: in the working copy of 'vendor/modu-c-firmware/zmk-pmw3610-driver/dts/bindings/pixart,pmw3610-alt.yml', LF will be replaced by CRLF the next time Git touches it
warning: in the working copy of 'vendor/modu-c-firmware/zmk-pmw3610-driver/src/pixart.h', LF will be replaced by CRLF the next time Git touches it
warning: in the working copy of 'vendor/modu-c-firmware/zmk-pmw3610-driver/src/pmw3610.c', LF will be replaced by CRLF the next time Git touches it
