$ git commit -m Original archive for local reproduction
[main (root-commit) 0fc09a4] Original archive for local reproduction
 112 files changed, 7375 insertions(+)
 create mode 100644 .github/workflows/build.yml
 create mode 100644 .gitignore
 create mode 100644 LICENSE
 create mode 100644 LICENSES/MICROSOFT-UF2-MIT.txt
 create mode 100644 LICENSES/MIT.txt
 create mode 100644 LICENSES/OBREY-COMBO-MIT.txt
 create mode 100644 LICENSES/ZMK-MIT.txt
 create mode 100644 MANIFEST.sha256
 create mode 100644 NOTICE.md
 create mode 100644 README.md
 create mode 100644 SOURCES.json
 create mode 100644 THIRD_PARTY_NOTICES.md
 create mode 100644 VALIDATION.json
 create mode 100644 build.yaml
 create mode 100644 config/info.json
 create mode 100644 config/modu.json
 create mode 100644 config/modu.keymap
 create mode 100644 config/west.yml
 create mode 100644 docs/FLASH_KO.md
 create mode 100644 docs/IMPLEMENTATION.md
 create mode 100644 docs/KEYMAP.md
 create mode 100644 docs/SOURCE_AUDIT.md
 create mode 100644 docs/layout-preview.svg
 create mode 100644 local-modules/modu-dongle/CMakeLists.txt
 create mode 100644 local-modules/modu-dongle/Kconfig
 create mode 100644 local-modules/modu-dongle/boards/shields/modu_dongle/Kconfig.defconfig
 create mode 100644 local-modules/modu-dongle/boards/shields/modu_dongle/Kconfig.shield
 create mode 100644 local-modules/modu-dongle/boards/shields/modu_dongle/modu-inputs.dtsi
 create mode 100644 local-modules/modu-dongle/boards/shields/modu_dongle/modu-layout.dtsi
 create mode 100644 local-modules/modu-dongle/boards/shields/modu_dongle/modu_dongle.conf
 create mode 100644 local-modules/modu-dongle/boards/shields/modu_dongle/modu_dongle.overlay
 create mode 100644 local-modules/modu-dongle/boards/shields/modu_dongle/modu_dongle.zmk.yml
 create mode 100644 local-modules/modu-dongle/boards/shields/modu_dongle/modu_peripheral_left.conf
 create mode 100644 local-modules/modu-dongle/boards/shields/modu_dongle/modu_peripheral_left.overlay
 create mode 100644 local-modules/modu-dongle/boards/shields/modu_dongle/modu_peripheral_right.conf
 create mode 100644 local-modules/modu-dongle/boards/shields/modu_dongle/modu_peripheral_right.overlay
 create mode 100644 local-modules/modu-dongle/boards/shields/modu_dongle/oled-wiring.dtsi
 create mode 100644 local-modules/modu-dongle/zephyr/module.yml
 create mode 100644 local-modules/obrey-combo-boot/CMakeLists.txt
 create mode 100644 local-modules/obrey-combo-boot/Kconfig
 create mode 100644 local-modules/obrey-combo-boot/LICENSE
 create mode 100644 local-modules/obrey-combo-boot/dts/bindings/behaviors/zmk,behavior-obrey-combo-boot.yaml
 create mode 100644 local-modules/obrey-combo-boot/src/behavior_combo_boot.c
 create mode 100644 local-modules/obrey-combo-boot/src/obrey_guard.h
 create mode 100644 local-modules/obrey-combo-boot/zephyr/module.yml
 create mode 100644 reference/hardware-sha256.json
 create mode 100644 reference/previous-five-layer.keymap
 create mode 100644 reports/host-c-tests.log
 create mode 100644 reports/host-tests.json
 create mode 100644 reports/python-tests.log
 create mode 100644 reports/static-check.log
 create mode 100644 reports/static-validation.json
 create mode 100644 scripts/normalize_hex.py
 create mode 100644 scripts/package_firmware.py
 create mode 100644 scripts/validate.py
 create mode 100644 scripts/verify_uf2.py
 create mode 100644 tests/run_host_tests.py
 create mode 100644 tests/stubs/drivers/behavior.h
 create mode 100644 tests/stubs/zephyr/device.h
 create mode 100644 tests/stubs/zephyr/kernel.h
 create mode 100644 tests/stubs/zephyr/logging/log.h
 create mode 100644 tests/stubs/zmk/behavior.h
 create mode 100644 tests/stubs/zmk/event_manager.h
 create mode 100644 tests/stubs/zmk/events/position_state_changed.h
 create mode 100644 tests/stubs/zmk/keymap.h
 create mode 100644 tests/test_adapter.c
 create mode 100644 tests/test_dongle.py
 create mode 100644 vendor/modu-c-firmware/.gitignore
 create mode 100644 vendor/modu-c-firmware/LICENSE
 create mode 100644 vendor/modu-c-firmware/LICENSES/MIT.txt
 create mode 100644 vendor/modu-c-firmware/README.md
 create mode 100644 vendor/modu-c-firmware/THIRD_PARTY_NOTICES.md
 create mode 100644 vendor/modu-c-firmware/build.bat
 create mode 100644 vendor/modu-c-firmware/build.ps1
 create mode 100644 vendor/modu-c-firmware/modu-module/CMakeLists.txt
 create mode 100644 vendor/modu-c-firmware/modu-module/Kconfig
 create mode 100644 vendor/modu-c-firmware/modu-module/boards/minewsemi/ms88sf3/Kconfig.defconfig
 create mode 100644 vendor/modu-c-firmware/modu-module/boards/minewsemi/ms88sf3/Kconfig.ms88sf3
 create mode 100644 vendor/modu-c-firmware/modu-module/boards/minewsemi/ms88sf3/board.cmake
 create mode 100644 vendor/modu-c-firmware/modu-module/boards/minewsemi/ms88sf3/board.yml
 create mode 100644 vendor/modu-c-firmware/modu-module/boards/minewsemi/ms88sf3/ms88sf3_nrf52840-pinctrl.dtsi
 create mode 100644 vendor/modu-c-firmware/modu-module/boards/minewsemi/ms88sf3/ms88sf3_nrf52840.dts
 create mode 100644 vendor/modu-c-firmware/modu-module/boards/minewsemi/ms88sf3/ms88sf3_nrf52840_defconfig
 create mode 100644 vendor/modu-c-firmware/modu-module/boards/minewsemi/ms88sf3/pre_dt_board.cmake
 create mode 100644 vendor/modu-c-firmware/modu-module/boards/shields/modu/Kconfig.defconfig
 create mode 100644 vendor/modu-c-firmware/modu-module/boards/shields/modu/Kconfig.shield
 create mode 100644 vendor/modu-c-firmware/modu-module/boards/shields/modu/modu.dtsi
 create mode 100644 vendor/modu-c-firmware/modu-module/boards/shields/modu/modu.keymap
 create mode 100644 vendor/modu-c-firmware/modu-module/boards/shields/modu/modu.zmk.yml
 create mode 100644 vendor/modu-c-firmware/modu-module/boards/shields/modu/modu_left.conf
 create mode 100644 vendor/modu-c-firmware/modu-module/boards/shields/modu/modu_left.overlay
 create mode 100644 vendor/modu-c-firmware/modu-module/boards/shields/modu/modu_right.conf
 create mode 100644 vendor/modu-c-firmware/modu-module/boards/shields/modu/modu_right.overlay
 create mode 100644 vendor/modu-c-firmware/modu-module/dts/bindings/kscan/modu,kscan-alt-thumb-remap.yaml
 create mode 100644 vendor/modu-c-firmware/modu-module/dts/bindings/vendor-prefixes.txt
 create mode 100644 vendor/modu-c-firmware/modu-module/src/alt_thumb_kscan/CMakeLists.txt
 create mode 100644 vendor/modu-c-firmware/modu-module/src/alt_thumb_kscan/Kconfig
 create mode 100644 vendor/modu-c-firmware/modu-module/src/alt_thumb_kscan/alt_thumb_kscan.c
 create mode 100644 vendor/modu-c-firmware/modu-module/src/led_breath/CMakeLists.txt
 create mode 100644 vendor/modu-c-firmware/modu-module/src/led_breath/Kconfig
 create mode 100644 vendor/modu-c-firmware/modu-module/src/led_breath/led_breath.c
 create mode 100644 vendor/modu-c-firmware/modu-module/zephyr/module.yml
 create mode 100644 vendor/modu-c-firmware/tools/uf2/LICENSE
 create mode 100644 vendor/modu-c-firmware/tools/uf2/uf2conv.py
 create mode 100644 vendor/modu-c-firmware/tools/uf2/uf2families.json
 create mode 100644 vendor/modu-c-firmware/zmk-pmw3610-driver/CMakeLists.txt
 create mode 100644 vendor/modu-c-firmware/zmk-pmw3610-driver/Kconfig
 create mode 100644 vendor/modu-c-firmware/zmk-pmw3610-driver/dts/bindings/pixart,pmw3610-alt.yml
 create mode 100644 vendor/modu-c-firmware/zmk-pmw3610-driver/src/pixart.h
 create mode 100644 vendor/modu-c-firmware/zmk-pmw3610-driver/src/pmw3610.c
 create mode 100644 vendor/modu-c-firmware/zmk-pmw3610-driver/src/pmw3610.h
 create mode 100644 vendor/modu-c-firmware/zmk-pmw3610-driver/zephyr/module.yml

