$ git add .

warning: in the working copy of '.github/workflows/build.yml', LF will be replaced by CRLF the next time Git touches it
warning: in the working copy of '.gitignore', LF will be replaced by CRLF the next time Git touches it
warning: in the working copy of 'LICENSE', LF will be replaced by CRLF the next time Git touches it
warning: in the working copy of 'LICENSES/MICROSOFT-UF2-MIT.txt', LF will be replaced by CRLF the next time Git touches it
warning: in the working copy of 'LICENSES/MIT.txt', LF will be replaced by CRLF the next time Git touches it
warning: in the working copy of 'LICENSES/OBREY-COMBO-MIT.txt', LF will be replaced by CRLF the next time Git touches it
warning: in the working copy of 'LICENSES/ZMK-MIT.txt', LF will be replaced by CRLF the next time Git touches it
warning: in the working copy of 'MANIFEST.sha256', LF will be replaced by CRLF the next time Git touches it
warning: in the working copy of 'NOTICE.md', LF will be replaced by CRLF the next time Git touches it
warning: in the working copy of 'README.md', LF will be replaced by CRLF the next time Git touches it
warning: in the working copy of 'SOURCES.json', LF will be replaced by CRLF the next time Git touches it
warning: in the working copy of 'THIRD_PARTY_NOTICES.md', LF will be replaced by CRLF the next time Git touches it
warning: in the working copy of 'VALIDATION.json', LF will be replaced by CRLF the next time Git touches it
warning: in the working copy of 'build.yaml', LF will be replaced by CRLF the next time Git touches it
warning: in the working copy of 'config/info.json', LF will be replaced by CRLF the next time Git touches it
warning: in the working copy of 'config/modu.json', LF will be replaced by CRLF the next time Git touches it
warning: in the working copy of 'config/west.yml', LF will be replaced by CRLF the next time Git touches it
warning: in the working copy of 'docs/FLASH_KO.md', LF will be replaced by CRLF the next time Git touches it
warning: in the working copy of 'docs/IMPLEMENTATION.md', LF will be replaced by CRLF the next time Git touches it
warning: in the working copy of 'docs/KEYMAP.md', LF will be replaced by CRLF the next time Git touches it
warning: in the working copy of 'docs/SOURCE_AUDIT.md', LF will be replaced by CRLF the next time Git touches it
warning: in the working copy of 'docs/layout-preview.svg', LF will be replaced by CRLF the next time Git touches it
warning: in the working copy of 'local-modules/modu-dongle/CMakeLists.txt', LF will be replaced by CRLF the next time Git touches it
warning: in the working copy of 'local-modules/modu-dongle/Kconfig', LF will be replaced by CRLF the next time Git touches it
warning: in the working copy of 'local-modules/modu-dongle/boards/shields/modu_dongle/Kconfig.defconfig', LF will be replaced by CRLF the next time Git touches it
warning: in the working copy of 'local-modules/modu-dongle/boards/shields/modu_dongle/Kconfig.shield', LF will be replaced by CRLF the next time Git touches it
warning: in the working copy of 'local-modules/modu-dongle/boards/shields/modu_dongle/modu-inputs.dtsi', LF will be replaced by CRLF the next time Git touches it
warning: in the working copy of 'local-modules/modu-dongle/boards/shields/modu_dongle/modu-layout.dtsi', LF will be replaced by CRLF the next time Git touches it
warning: in the working copy of 'local-modules/modu-dongle/boards/shields/modu_dongle/modu_dongle.conf', LF will be replaced by CRLF the next time Git touches it
warning: in the working copy of 'local-modules/modu-dongle/boards/shields/modu_dongle/modu_dongle.overlay', LF will be replaced by CRLF the next time Git touches it
warning: in the working copy of 'local-modules/modu-dongle/boards/shields/modu_dongle/modu_dongle.zmk.yml', LF will be replaced by CRLF the next time Git touches it
warning: in the working copy of 'local-modules/modu-dongle/boards/shields/modu_dongle/modu_peripheral_left.conf', LF will be replaced by CRLF the next time Git touches it
warning: in the working copy of 'local-modules/modu-dongle/boards/shields/modu_dongle/modu_peripheral_left.overlay', LF will be replaced by CRLF the next time Git touches it
warning: in the working copy of 'local-modules/modu-dongle/boards/shields/modu_dongle/modu_peripheral_right.conf', LF will be replaced by CRLF the next time Git touches it
warning: in the working copy of 'local-modules/modu-dongle/boards/shields/modu_dongle/modu_peripheral_right.overlay', LF will be replaced by CRLF the next time Git touches it
warning: in the working copy of 'local-modules/modu-dongle/boards/shields/modu_dongle/oled-wiring.dtsi', LF will be replaced by CRLF the next time Git touches it
warning: in the working copy of 'local-modules/modu-dongle/zephyr/module.yml', LF will be replaced by CRLF the next time Git touches it
warning: in the working copy of 'local-modules/obrey-combo-boot/CMakeLists.txt', LF will be replaced by CRLF the next time Git touches it
warning: in the working copy of 'local-modules/obrey-combo-boot/Kconfig', LF will be replaced by CRLF the next time Git touches it
warning: in the working copy of 'local-modules/obrey-combo-boot/LICENSE', LF will be replaced by CRLF the next time Git touches it
warning: in the working copy of 'local-modules/obrey-combo-boot/dts/bindings/behaviors/zmk,behavior-obrey-combo-boot.yaml', LF will be replaced by CRLF the next time Git touches it
warning: in the working copy of 'local-modules/obrey-combo-boot/src/behavior_combo_boot.c', LF will be replaced by CRLF the next time Git touches it
warning: in the working copy of 'local-modules/obrey-combo-boot/src/obrey_guard.h', LF will be replaced by CRLF the next time Git touches it
warning: in the working copy of 'local-modules/obrey-combo-boot/zephyr/module.yml', LF will be replaced by CRLF the next time Git touches it
warning: in the working copy of 'reports/host-c-tests.log', LF will be replaced by CRLF the next time Git touches it
warning: in the working copy of 'reports/host-tests.json', LF will be replaced by CRLF the next time Git touches it
warning: in the working copy of 'reports/python-tests.log', LF will be replaced by CRLF the next time Git touches it
warning: in the working copy of 'reports/static-check.log', LF will be replaced by CRLF the next time Git touches it
warning: in the working copy of 'reports/static-validation.json', LF will be replaced by CRLF the next time Git touches it
warning: in the working copy of 'tests/stubs/drivers/behavior.h', LF will be replaced by CRLF the next time Git touches it
warning: in the working copy of 'tests/stubs/zephyr/device.h', LF will be replaced by CRLF the next time Git touches it
warning: in the working copy of 'tests/stubs/zephyr/kernel.h', LF will be replaced by CRLF the next time Git touches it
warning: in the working copy of 'tests/stubs/zephyr/logging/log.h', LF will be replaced by CRLF the next time Git touches it
warning: in the working copy of 'tests/stubs/zmk/behavior.h', LF will be replaced by CRLF the next time Git touches it
warning: in the working copy of 'tests/stubs/zmk/event_manager.h', LF will be replaced by CRLF the next time Git touches it
warning: in the working copy of 'tests/stubs/zmk/events/position_state_changed.h', LF will be replaced by CRLF the next time Git touches it
warning: in the working copy of 'tests/stubs/zmk/keymap.h', LF will be replaced by CRLF the next time Git touches it
warning: in the working copy of 'tests/test_adapter.c', LF will be replaced by CRLF the next time Git touches it
warning: in the working copy of '.gitattributes', LF will be replaced by CRLF the next time Git touches it
